MEX {
	global:
		mexFunction;
		mexfilerequiredapiversion;
		emlrtMexFcnProperties;
		reflectivity_calculation_initialize;
		reflectivity_calculation_terminate;
		reflectivity_calculation_atexit;
		reflectivity_calculation;
		MEXGlobalSyncInFunction;
		MEXGlobalSyncOutFunction;
		emlrt_synchGlobalsToML;
		emlrt_synchGlobalsFromML;
		emxEnsureCapacity_real_T;
		emxFree_real_T;
		emxInit_real_T;
		emxEnsureCapacity_cell_wrap_8;
		emxEnsureCapacity_cell_wrap_9;
		emxEnsureCapacity_cell_wrap_10;
		emxEnsureCapacity_cell_wrap_0;
		emxEnsureCapacity_cell_wrap_6;
		emxEnsureCapacity_cell_wrap_1;
		emxCopyStruct_cell_wrap_1;
		emxCopyStruct_cell_wrap_6;
		emxEnsureCapacity_cell_wrap_11;
		emxEnsureCapacity_cell_wrap_3;
		emxFree_char_T;
		emxInit_char_T;
		emxEnsureCapacity_cell_wrap_4;
		emxCopyStruct_cell_wrap_4;
		emxEnsureCapacity_char_T;
		emxEnsureCapacity_int8_T;
		emxCopyStruct_cell_wrap_11;
		emxInit_cell_wrap_8;
		emxFree_cell_wrap_8;
		emxInit_cell_wrap_9;
		emxFree_cell_wrap_9;
		emxInit_cell_wrap_10;
		emxFree_cell_wrap_10;
		emxInit_cell_wrap_6;
		emxFree_cell_wrap_6;
		emxInit_cell_wrap_1;
		emxFree_cell_wrap_1;
		emxInit_int8_T;
		emxFree_int8_T;
		emxInit_cell_wrap_11;
		emxFree_cell_wrap_11;
		emxInit_cell_wrap_0;
		emxFree_cell_wrap_0;
		emxInit_cell_wrap_3;
		emxFree_cell_wrap_3;
		emxInit_cell_wrap_4;
		emxFree_cell_wrap_4;
		emxInitStruct_cell_13;
		emxFreeStruct_cell_13;
		emxInit_cell_wrap_14;
		emxFree_cell_wrap_14;
		emxInit_cell_wrap_15;
		emxFree_cell_wrap_15;
		emxInit_cell_wrap_16;
		emxFree_cell_wrap_16;
		emxEnsureCapacity_cell_wrap_16;
		emxInitStruct_cell_18;
		emxFreeStruct_cell_18;
		emxEnsureCapacity_boolean_T;
		emxInit_boolean_T;
		emxFree_boolean_T;
		emxEnsureCapacity_int32_T;
		emxEnsureCapacity_uint32_T;
		emxInit_uint32_T;
		emxFree_uint32_T;
		emxInit_int32_T;
		emxFree_int32_T;
		emxEnsureCapacity_creal_T;
		emxInit_creal_T;
		emxFree_creal_T;
		emxEnsureCapacity_cell_wrap_14;
		emxEnsureCapacity_cell_wrap_15;
		emxInitStruct_struct0_T;
		emxInitStruct_cell_5;
		emxInitStruct_struct1_T;
		emxInitStruct_struct2_T;
		emxInitStruct_struct4_T;
		emxInitStruct_cell_7;
		emxFreeStruct_struct0_T;
		emxFreeStruct_cell_5;
		emxFreeStruct_struct1_T;
		emxFreeStruct_struct2_T;
		emxFreeStruct_struct4_T;
		emxFreeStruct_cell_7;
		emxEnsureCapacity_cell_wrap_2;
	local:
		*;
};
