MEX {
	global:
		mexFunction;
		mexfilerequiredapiversion;
		emlrtMexFcnProperties;
		reflectivity_calculation;
		MEXGlobalSyncInFunction;
		MEXGlobalSyncOutFunction;
		b_cast;
		b_emlrt_marshallIn;
		cast;
		emlrt_marshallOut;
		emlrt_synchGlobalsFromML;
		emlrt_synchGlobalsToML;
		emxCopyStruct_cell_wrap_5;
		emxCopyStruct_cell_wrap_6;
		emxEnsureCapacity_boolean_T;
		emxEnsureCapacity_cell_wrap_0;
		emxEnsureCapacity_cell_wrap_1;
		emxEnsureCapacity_cell_wrap_10;
		emxEnsureCapacity_cell_wrap_11;
		emxEnsureCapacity_cell_wrap_2;
		emxEnsureCapacity_cell_wrap_3;
		emxEnsureCapacity_cell_wrap_5;
		emxEnsureCapacity_cell_wrap_6;
		emxEnsureCapacity_cell_wrap_8;
		emxEnsureCapacity_char_T;
		emxEnsureCapacity_int16_T;
		emxEnsureCapacity_int32_T;
		emxEnsureCapacity_int8_T;
		emxEnsureCapacity_real_T;
		emxFreeStruct_cell_4;
		emxFreeStruct_cell_7;
		emxFreeStruct_struct0_T;
		emxFreeStruct_struct1_T;
		emxFreeStruct_struct2_T;
		emxFreeStruct_struct5_T;
		emxFree_boolean_T;
		emxFree_cell_wrap_1;
		emxFree_cell_wrap_10;
		emxFree_cell_wrap_11;
		emxFree_cell_wrap_2;
		emxFree_cell_wrap_5;
		emxFree_cell_wrap_6;
		emxFree_cell_wrap_8;
		emxFree_char_T;
		emxFree_int16_T;
		emxFree_int32_T;
		emxFree_int8_T;
		emxFree_real_T;
		emxInitStruct_cell_4;
		emxInitStruct_cell_7;
		emxInitStruct_struct0_T;
		emxInitStruct_struct1_T;
		emxInitStruct_struct2_T;
		emxInitStruct_struct5_T;
		emxInit_boolean_T;
		emxInit_cell_wrap_1;
		emxInit_cell_wrap_10;
		emxInit_cell_wrap_11;
		emxInit_cell_wrap_2;
		emxInit_cell_wrap_5;
		emxInit_cell_wrap_6;
		emxInit_cell_wrap_8;
		emxInit_char_T;
		emxInit_int16_T;
		emxInit_int32_T;
		emxInit_int8_T;
		emxInit_real_T;
		reflectivity_calculation_initialize;
		reflectivity_calculation_terminate;
		reflectivity_calculation_atexit;
	local:
		*;
};
